Obtaining file:///tmp/playbook-model-worker-wzb191rs/work/harness-source
  Installing build dependencies: started
  Installing build dependencies: finished with status 'done'
  Checking if build backend supports build_editable: started
  Checking if build backend supports build_editable: finished with status 'done'
  Getting requirements to build editable: started
  Getting requirements to build editable: finished with status 'done'
  Preparing editable metadata (pyproject.toml): started
  Preparing editable metadata (pyproject.toml): finished with status 'done'
Collecting jsonschema>=4.22 (from ai-workflow-harness-lab==0.1.0)
  Downloading jsonschema-4.26.0-py3-none-any.whl.metadata (7.6 kB)
Collecting attrs>=22.2.0 (from jsonschema>=4.22->ai-workflow-harness-lab==0.1.0)
  Downloading attrs-26.1.0-py3-none-any.whl.metadata (8.8 kB)
Collecting jsonschema-specifications>=2023.03.6 (from jsonschema>=4.22->ai-workflow-harness-lab==0.1.0)
  Downloading jsonschema_specifications-2025.9.1-py3-none-any.whl.metadata (2.9 kB)
Collecting referencing>=0.28.4 (from jsonschema>=4.22->ai-workflow-harness-lab==0.1.0)
  Downloading referencing-0.37.0-py3-none-any.whl.metadata (2.8 kB)
Collecting rpds-py>=0.25.0 (from jsonschema>=4.22->ai-workflow-harness-lab==0.1.0)
  Downloading rpds_py-2026.9.1-cp312-cp312-manylinux_2_17_x86_64.manylinux2014_x86_64.whl.metadata (4.1 kB)
Collecting typing-extensions>=4.4.0 (from referencing>=0.28.4->jsonschema>=4.22->ai-workflow-harness-lab==0.1.0)
  Downloading typing_extensions-4.16.0-py3-none-any.whl.metadata (3.3 kB)
Downloading jsonschema-4.26.0-py3-none-any.whl (90 kB)
Downloading attrs-26.1.0-py3-none-any.whl (67 kB)
Downloading jsonschema_specifications-2025.9.1-py3-none-any.whl (18 kB)
Downloading referencing-0.37.0-py3-none-any.whl (26 kB)
Downloading rpds_py-2026.9.1-cp312-cp312-manylinux_2_17_x86_64.manylinux2014_x86_64.whl (371 kB)
Downloading typing_extensions-4.16.0-py3-none-any.whl (45 kB)
Building wheels for collected packages: ai-workflow-harness-lab
  Building editable for ai-workflow-harness-lab (pyproject.toml): started
  Building editable for ai-workflow-harness-lab (pyproject.toml): finished with status 'done'
  Created wheel for ai-workflow-harness-lab: filename=ai_workflow_harness_lab-0.1.0-0.editable-py3-none-any.whl size=1772 sha256=8864fd5760ddcff314609795ab1c19e77ffffc1ac2bcdcbd37d15cf97e452d20
  Stored in directory: /tmp/pip-ephem-wheel-cache-viaucb_m/wheels/67/cb/10/814b832ee8b9dd8b0ead853ae4a245b4056369ef08d3776819
Successfully built ai-workflow-harness-lab
Installing collected packages: typing-extensions, rpds-py, attrs, referencing, jsonschema-specifications, jsonschema, ai-workflow-harness-lab
Successfully installed ai-workflow-harness-lab-0.1.0 attrs-26.1.0 jsonschema-4.26.0 jsonschema-specifications-2025.9.1 referencing-0.37.0 rpds-py-2026.9.1 typing-extensions-4.16.0

[notice] A new release of pip is available: 25.0.1 -> 26.2.1
[notice] To update, run: /tmp/playbook-model-worker-wzb191rs/work/venv/bin/python -m pip install --upgrade pip
