test_catalogue_missing_stage_and_empty_reference_detected (test_contracts.ContractTests) ... ok
test_component_inventory_is_complete_and_explicit (test_contracts.ContractTests) ... ok
test_each_stage_has_substantial_packaged_procedure (test_contracts.ContractTests) ... ok
test_invalid_rules_do_not_silently_classify (test_contracts.ContractTests) ... ok
test_longest_prefix_preserves_zone (test_contracts.ContractTests) ... ok
test_missing_source_and_fake_empirical_claim_rejected (test_contracts.ContractTests) ... ok
test_c_worker_minimum_is_enforced_and_exposed_in_prepare (test_controlled_delegation.ControlledDelegationTests) ... ok
test_controlled_route_violation_is_not_accepted (test_controlled_delegation.ControlledDelegationTests) ... ok
test_empty_or_replaced_tests_cannot_pass (test_controlled_delegation.ControlledDelegationTests) ... ok
test_known_failure_is_not_hidden_by_other_blocked_run (test_controlled_delegation.ControlledDelegationTests) ... ok
test_missing_cost_cannot_enable_delegation (test_controlled_delegation.ControlledDelegationTests) ... ok
test_not_run_report_stays_experimental (test_controlled_delegation.ControlledDelegationTests) ... ok
test_pass_without_evidence_is_rejected (test_controlled_delegation.ControlledDelegationTests) ... ok
test_prepare_creates_isolated_comparison (test_controlled_delegation.ControlledDelegationTests) ... ok
test_reference_is_packaged_and_linked (test_controlled_delegation.ControlledDelegationTests) ... ok
test_reviewer_is_separate_from_small_task_workers (test_controlled_delegation.ControlledDelegationTests) ... ok
test_unfixed_code_fixtures_fail_mechanical_acceptance (test_controlled_delegation.ControlledDelegationTests) ... ok
test_version_marker_matches_plugin (test_controlled_delegation.ControlledDelegationTests) ... ok
test_full_lifecycle_and_exact_shared_helpers_are_delivered (test_delivery.DeliveryTests) ... ok
test_packaged_helper_supports_new_session_then_detects_changed_record (test_delivery.DeliveryTests) ... ok
test_companion_available_in_documented_author_environment (test_delivery_contract.DeliveryContractTests) ... ok
test_delivered_payload_contains_environment_ownership_and_setup_routes (test_delivery_contract.DeliveryContractTests) ... ok
test_desktop_setup_is_a_wrapper_not_a_second_skill_copy (test_delivery_contract.DeliveryContractTests) ... ok
test_new_helpers_have_one_canonical_implementation (test_delivery_contract.DeliveryContractTests) ... ok
test_claim_need_requires_wrangler_and_never_claims_terms_or_auth (test_delivery_environment.EnvironmentTests) ... ok
test_engineering_checks_missing_companion_but_product_does_not_require_it (test_delivery_environment.EnvironmentTests) ... ok
test_inspection_does_not_run_commands_read_content_or_write (test_delivery_environment.EnvironmentTests) ... ok
test_invalid_root_fails_without_creating_it (test_delivery_environment.EnvironmentTests) ... ok
test_json_cli_returns_pending_for_requested_live_probe (test_delivery_environment.EnvironmentTests) ... ok
test_missing_cli_is_visible_not_self_review (test_delivery_environment.EnvironmentTests) ... ok
test_missing_preview_and_claim_adapters_are_visible (test_delivery_environment.EnvironmentTests) ... ok
test_presence_never_claims_authentication_or_live_readiness (test_delivery_environment.EnvironmentTests) ... ok
test_preview_need_requires_cloudflared_and_live_execution (test_delivery_environment.EnvironmentTests) ... ok
test_symlink_instruction_is_not_loaded (test_delivery_environment.EnvironmentTests) ... ok
test_empty_evidence_is_not_a_passing_evidence_claim (test_delivery_evidence.EvidenceTests) ... ok
test_missing_unsafe_and_external_are_explicit (test_delivery_evidence.EvidenceTests) ... ok
test_nonstring_observation_reference_rejected (test_delivery_evidence.EvidenceTests) ... ok
test_present_reference_is_not_truth (test_delivery_evidence.EvidenceTests) ... ok
test_snapshot_detects_changed_and_uncovered_evidence (test_delivery_evidence.EvidenceTests) ... ok
test_strict_cli_fails_missing_reference_without_modifying_record (test_delivery_evidence.EvidenceTests) ... ok
test_summary_uses_human_status_without_altering_schema (test_delivery_evidence.EvidenceTests) ... ok
test_bad_record_and_forged_check_rejected (test_solution_record.RecordTests) ... ok
test_cli_is_read_only_except_named_snapshot (test_solution_record.RecordTests) ... ok
test_duplicate_json_and_nonfinite_values_are_rejected (test_solution_record.RecordTests) ... ok
test_effect_requires_observation_not_author_optimism (test_solution_record.RecordTests) ... ok
test_handoff_for_new_session_has_no_source_bytes (test_solution_record.RecordTests) ... ok
test_handoff_requires_record_in_snapshot (test_solution_record.RecordTests) ... ok
test_interventions_and_observations_are_not_fake_success (test_solution_record.RecordTests) ... ok
test_missing_file_and_empty_or_malformed_snapshot_fail (test_solution_record.RecordTests) ... ok
test_no_build_is_a_first_class_decision (test_solution_record.RecordTests) ... ok
test_no_overwrite_including_existing_empty_output (test_solution_record.RecordTests) ... ok
test_oversized_json_denied_without_writing (test_solution_record.RecordTests) ... ok
test_passed_requires_evidence_but_evidence_is_not_attestation (test_solution_record.RecordTests) ... ok
test_path_escape_absolute_and_secret_paths_denied (test_solution_record.RecordTests) ... ok
test_positive_state_cannot_hide_unrun_or_blocked_checks (test_solution_record.RecordTests) ... ok
test_record_change_stales_handoff (test_solution_record.RecordTests) ... ok
test_selected_file_limit (test_solution_record.RecordTests) ... ok
test_snapshot_is_valid_then_stale_after_source_change (test_solution_record.RecordTests) ... ok
test_symlink_file_and_parent_denied (test_solution_record.RecordTests) ... ok
test_unknown_cost_not_zero (test_solution_record.RecordTests) ... ok
test_valid_does_not_mean_working (test_solution_record.RecordTests) ... ok
test_checked_cannot_hide_an_unrun_check (test_state_claims.StateClaimTests) ... ok

----------------------------------------------------------------------
Ran 62 tests in 3.558s

OK
